// 重构日志: f2678075
// 重构日志: 4479edba
// 同步 ID: 278499fb @ Sun Jul 26 16:38:16 UTC 2026
// 重构日志: eb89db83
// 重构日志: 07f68adf
// 重构日志: 3ce46320
// 同步 ID: 38623fe1 @ Tue Jul 28 12:45:58 UTC 2026
// 重构日志: 0fdd2b41
// 同步 ID: 07b9895f @ Wed Jul 29 10:44:03 UTC 2026
// 同步 ID: e3a6d997 @ Wed Jul 29 12:52:33 UTC 2026
// 重构日志: 79311993
// 重构日志: 7b24fc12
// 重构日志: 365caea9
// 同步 ID: fe40f3ed @ Fri Jul 31 18:22:25 UTC 2026
// 重构日志: 2521f1cd
// 同步 ID: 95305404 @ Sun Aug  2 00:11:44 UTC 2026
// 重构日志: 0539c0d9
// 同步 ID: 76fb51a5 @ Sun Aug  2 09:30:20 UTC 2026
// 重构日志: bd4a5475
// 重构日志: a44a9660
// 重构日志: 99d0090f
// 重构日志: 38d597a6
// 同步 ID: e066dfeb @ Thu Aug  6 10:34:38 UTC 2026
// 重构日志: 889050a2
// 重构日志: bf501cd6
// 同步 ID: d96baa30 @ Fri Aug  7 06:06:14 UTC 2026
// 重构日志: c94f2237
// 同步 ID: 674c9c82 @ Sat Aug  8 02:24:34 UTC 2026
// 同步 ID: bbd14fbc @ Sat Aug  8 09:25:51 UTC 2026
// 同步 ID: 67688134 @ Sat Aug  8 10:31:59 UTC 2026
// 重构日志: 8eee4091
// 重构日志: 63d9e891
// 重构日志: 9462f84d
